
分配公共符号
公共符号            大小              文件

idt_ptr             0x6               kernel/global.o
currentSleep        0x4               kernel/global.o
task_stack          0x38000           kernel/global.o
k_reenter           0x4               kernel/global.o
gdt                 0x400             kernel/global.o
tty_table           0xc30             kernel/global.o
tss                 0x68              kernel/global.o
customers           0x30              kernel/global.o
nr_current_console  0x4               kernel/global.o
mutex               0x30              kernel/global.o
disp_pos            0x4               kernel/global.o
gdt_ptr             0x6               kernel/global.o
idt                 0x800             kernel/global.o
ticks               0x4               kernel/global.o
console_table       0x30              kernel/global.o
irq_table           0x40              kernel/global.o
p_proc_ready        0x4               kernel/global.o
proc_table          0x444             kernel/global.o
barbers             0x30              kernel/global.o

Discarded input sections

 .note.GNU-stack
                0x0000000000000000        0x0 kernel/start.o
 .note.GNU-stack
                0x0000000000000000        0x0 kernel/main.o
 .note.GNU-stack
                0x0000000000000000        0x0 kernel/clock.o
 .note.GNU-stack
                0x0000000000000000        0x0 kernel/keyboard.o
 .note.GNU-stack
                0x0000000000000000        0x0 kernel/tty.o
 .note.GNU-stack
                0x0000000000000000        0x0 kernel/console.o
 .note.GNU-stack
                0x0000000000000000        0x0 kernel/i8259.o
 .note.GNU-stack
                0x0000000000000000        0x0 kernel/global.o
 .note.GNU-stack
                0x0000000000000000        0x0 kernel/protect.o
 .note.GNU-stack
                0x0000000000000000        0x0 kernel/proc.o
 .note.GNU-stack
                0x0000000000000000        0x0 kernel/systask.o
 .note.GNU-stack
                0x0000000000000000        0x0 kernel/printf.o
 .note.GNU-stack
                0x0000000000000000        0x0 kernel/vsprintf.o
 .note.GNU-stack
                0x0000000000000000        0x0 lib/klib.o
 .note.GNU-stack
                0x0000000000000000        0x0 lib/misc.o

内存配置

名称           来源             长度             属性
*default*        0x0000000000000000 0xffffffffffffffff

Linker script and memory map

段 .text 的地址设置为 0x30400
LOAD kernel/kernel.o
LOAD kernel/syscall.o
LOAD kernel/start.o
LOAD kernel/main.o
LOAD kernel/clock.o
LOAD kernel/keyboard.o
LOAD kernel/tty.o
LOAD kernel/console.o
LOAD kernel/i8259.o
LOAD kernel/global.o
LOAD kernel/protect.o
LOAD kernel/proc.o
LOAD kernel/systask.o
LOAD kernel/printf.o
LOAD kernel/vsprintf.o
LOAD lib/kliba.o
LOAD lib/klib.o
LOAD lib/string.o
LOAD lib/misc.o
                0x0000000008048000                PROVIDE (__executable_start, 0x8048000)
                0x0000000008048094                . = (0x8048000 + SIZEOF_HEADERS)

.interp
 *(.interp)

.note.gnu.build-id
 *(.note.gnu.build-id)

.hash
 *(.hash)

.gnu.hash
 *(.gnu.hash)

.dynsym
 *(.dynsym)

.dynstr
 *(.dynstr)

.gnu.version
 *(.gnu.version)

.gnu.version_d
 *(.gnu.version_d)

.gnu.version_r
 *(.gnu.version_r)

.rel.dyn        0x0000000008048094        0x0
 *(.rel.init)
 *(.rel.text .rel.text.* .rel.gnu.linkonce.t.*)
 .rel.text      0x0000000000000000        0x0 kernel/kernel.o
 *(.rel.fini)
 *(.rel.rodata .rel.rodata.* .rel.gnu.linkonce.r.*)
 *(.rel.data.rel.ro .rel.data.rel.ro.* .rel.gnu.linkonce.d.rel.ro.*)
 *(.rel.data .rel.data.* .rel.gnu.linkonce.d.*)
 .rel.data      0x0000000000000000        0x0 kernel/kernel.o
 *(.rel.tdata .rel.tdata.* .rel.gnu.linkonce.td.*)
 *(.rel.tbss .rel.tbss.* .rel.gnu.linkonce.tb.*)
 *(.rel.ctors)
 *(.rel.dtors)
 *(.rel.got)
 *(.rel.bss .rel.bss.* .rel.gnu.linkonce.b.*)
 *(.rel.ifunc)

.rel.plt        0x0000000008048094        0x0
 *(.rel.plt)
                0x0000000008048094                PROVIDE (__rel_iplt_start, .)
 *(.rel.iplt)
 .rel.iplt      0x0000000000000000        0x0 kernel/kernel.o
                0x0000000008048094                PROVIDE (__rel_iplt_end, .)

.init
 *(SORT(.init))

.plt            0x00000000080480a0        0x0
 *(.plt)
 *(.iplt)
 .iplt          0x0000000000000000        0x0 kernel/kernel.o

.text           0x0000000000030400     0x4509
 *(.text.unlikely .text.*_unlikely .text.unlikely.*)
 *(.text.exit .text.exit.*)
 *(.text.startup .text.startup.*)
 *(.text.hot .text.hot.*)
 *(.text .stub .text.* .gnu.linkonce.t.*)
 .text          0x0000000000030400      0x317 kernel/kernel.o
                0x0000000000030400                _start
                0x0000000000030440                hwint00
                0x0000000000030470                hwint01
                0x00000000000304a0                hwint02
                0x00000000000304d0                hwint03
                0x0000000000030500                hwint04
                0x0000000000030530                hwint05
                0x0000000000030560                hwint06
                0x0000000000030590                hwint07
                0x00000000000305c0                hwint08
                0x00000000000305d0                hwint09
                0x00000000000305e0                hwint10
                0x00000000000305f0                hwint11
                0x0000000000030600                hwint12
                0x0000000000030610                hwint13
                0x0000000000030620                hwint14
                0x0000000000030630                hwint15
                0x000000000003063b                divide_error
                0x0000000000030641                single_step_exception
                0x0000000000030647                nmi
                0x000000000003064d                breakpoint_exception
                0x0000000000030653                overflow
                0x0000000000030659                bounds_check
                0x000000000003065f                inval_opcode
                0x0000000000030665                copr_not_available
                0x000000000003066b                double_fault
                0x000000000003066f                copr_seg_overrun
                0x0000000000030675                inval_tss
                0x0000000000030679                segment_not_present
                0x000000000003067d                stack_exception
                0x0000000000030681                general_protection
                0x0000000000030685                page_fault
                0x0000000000030689                copr_error
                0x00000000000306d2                sys_call
                0x00000000000306f2                restart
 *fill*         0x0000000000030717        0x9 
 .text          0x0000000000030720       0x44 kernel/syscall.o
                0x0000000000030720                sendrec
                0x0000000000030734                printx
                0x0000000000030740                sleep
                0x000000000003074c                p
                0x0000000000030758                v
 .text          0x0000000000030764       0x8e kernel/start.o
                0x0000000000030764                cstart
 .text          0x00000000000307f2      0x71f kernel/main.o
                0x0000000000030881                sys_sem_p
                0x00000000000308bb                sys_sem_v
                0x00000000000308ee                kernel_main
                0x0000000000030bb7                get_ticks
                0x0000000000030bef                getProcSleepTicks
                0x0000000000030c27                goToSleep
                0x0000000000030c9d                TestA
                0x0000000000030ca2                TestB
                0x0000000000030d0b                TestC
                0x0000000000030d9d                TestD
                0x0000000000030e2f                TestE
                0x0000000000030ec1                panic
 .text          0x0000000000030f11       0xde kernel/clock.o
                0x0000000000030f11                clock_handler
                0x0000000000030f52                milli_delay
                0x0000000000030f8b                init_clock
 .text          0x0000000000030fef      0x641 kernel/keyboard.o
                0x0000000000030fef                keyboard_handler
                0x000000000003104b                init_keyboard
                0x00000000000310b4                keyboard_read
 .text          0x0000000000031630      0x4fa kernel/tty.o
                0x0000000000031630                task_tty
                0x00000000000316da                in_process
                0x000000000003192f                tty_write
                0x0000000000031973                sys_printx
 .text          0x0000000000031b2a      0x454 kernel/console.o
                0x0000000000031b2a                init_screen
                0x0000000000031c46                is_current_console
                0x0000000000031c61                out_char
                0x0000000000031ee6                select_console
                0x0000000000031f17                scroll_screen
 .text          0x0000000000031f7e      0x13c kernel/i8259.o
                0x0000000000031f7e                init_8259A
                0x000000000003206f                spurious_irq
                0x000000000003209a                put_irq_handler
 .text          0x00000000000320ba        0x0 kernel/global.o
 .text          0x00000000000320ba      0x7e9 kernel/protect.o
                0x00000000000320ba                init_prot
                0x00000000000326bb                seg2phys
                0x0000000000032776                exception_handler
 .text          0x00000000000328a3     0x197c kernel/proc.o
                0x00000000000328a3                isSleeping
                0x00000000000328b9                setSleep_ticks
                0x00000000000328ca                adjustSleep_ticks
                0x00000000000328f3                sys_process_sleep
                0x000000000003292b                schedule
                0x0000000000032a1f                sys_sendrec
                0x0000000000032b7e                send_recv
                0x0000000000032c5e                ldt_seg_linear
                0x0000000000032ca8                va2la
                0x0000000000032d17                reset_msg
                0x0000000000033d05                dump_proc
                0x00000000000340d8                dump_msg
 .text          0x000000000003421f       0x96 kernel/systask.o
                0x000000000003421f                task_sys
 .text          0x00000000000342b5       0x4f kernel/printf.o
                0x00000000000342b5                printf
 .text          0x0000000000034304      0x318 kernel/vsprintf.o
                0x0000000000034367                vsprintf
                0x00000000000345f2                sprintf
 *fill*         0x000000000003461c        0x4 
 .text          0x0000000000034620       0xeb lib/kliba.o
                0x0000000000034620                disp_str
                0x000000000003465e                disp_color_str
                0x000000000003469d                out_byte
                0x00000000000346a9                in_byte
                0x00000000000346b3                disable_irq
                0x00000000000346e8                enable_irq
                0x0000000000034707                disable_int
                0x0000000000034709                enable_int
 .text          0x000000000003470b      0x116 lib/klib.o
                0x000000000003470b                itoa
                0x00000000000347b6                disp_int
                0x00000000000347db                delay
 *fill*         0x0000000000034821        0xf 
 .text          0x0000000000034830       0x78 lib/string.o
                0x0000000000034830                memcpy
                0x0000000000034859                memset
                0x000000000003487a                strcpy
                0x0000000000034892                strlen
 .text          0x00000000000348a8       0x61 lib/misc.o
                0x00000000000348a8                spin
                0x00000000000348c3                assertion_failure
 *(.gnu.warning)

.fini
 *(SORT(.fini))
                0x0000000000034909                PROVIDE (__etext, .)
                0x0000000000034909                PROVIDE (_etext, .)
                0x0000000000034909                PROVIDE (etext, .)

.rodata         0x0000000000034920      0xe51
 *(.rodata .rodata.* .gnu.linkonce.r.*)
 .rodata        0x0000000000034920       0x47 kernel/start.o
 *fill*         0x0000000000034967        0x1 
 .rodata        0x0000000000034968      0x133 kernel/main.o
 *fill*         0x0000000000034a9b        0x1 
 .rodata        0x0000000000034a9c       0x64 kernel/keyboard.o
 .rodata        0x0000000000034b00       0x90 kernel/tty.o
 .rodata        0x0000000000034b90       0x11 kernel/i8259.o
 *fill*         0x0000000000034ba1       0x1f 
 .rodata        0x0000000000034bc0      0x540 kernel/protect.o
 .rodata        0x0000000000035100      0x5fe kernel/proc.o
 .rodata        0x00000000000356fe       0x11 kernel/systask.o
 *fill*         0x000000000003570f        0x1 
 .rodata        0x0000000000035710       0x61 lib/misc.o

.rodata1
 *(.rodata1)

.eh_frame_hdr
 *(.eh_frame_hdr)

.eh_frame       0x0000000000035774      0x9ec
 *(.eh_frame)
 .eh_frame      0x0000000000035774       0x38 kernel/start.o
 .eh_frame      0x00000000000357ac      0x1e8 kernel/main.o
                                        0x200 (size before relaxing)
 .eh_frame      0x0000000000035994       0x60 kernel/clock.o
                                         0x78 (size before relaxing)
 .eh_frame      0x00000000000359f4       0xe0 kernel/keyboard.o
                                         0xf8 (size before relaxing)
 .eh_frame      0x0000000000035ad4       0xfc kernel/tty.o
                                        0x114 (size before relaxing)
 .eh_frame      0x0000000000035bd0      0x100 kernel/console.o
                                        0x118 (size before relaxing)
 .eh_frame      0x0000000000035cd0       0x60 kernel/i8259.o
                                         0x78 (size before relaxing)
 .eh_frame      0x0000000000035d30       0xb0 kernel/protect.o
                                         0xc8 (size before relaxing)
 .eh_frame      0x0000000000035de0      0x240 kernel/proc.o
                                        0x258 (size before relaxing)
 .eh_frame      0x0000000000036020       0x1c kernel/systask.o
                                         0x34 (size before relaxing)
 .eh_frame      0x000000000003603c       0x20 kernel/printf.o
                                         0x38 (size before relaxing)
 .eh_frame      0x000000000003605c       0x68 kernel/vsprintf.o
                                         0x80 (size before relaxing)
 .eh_frame      0x00000000000360c4       0x60 lib/klib.o
                                         0x78 (size before relaxing)
 .eh_frame      0x0000000000036124       0x3c lib/misc.o
                                         0x54 (size before relaxing)

.gcc_except_table
 *(.gcc_except_table .gcc_except_table.*)

.exception_ranges
 *(.exception_ranges .exception_ranges*)
                0x0000000000036160                . = (ALIGN (0x1000) - ((0x1000 - .) & 0xfff))
                0x0000000000037000                . = DATA_SEGMENT_ALIGN (0x1000, 0x1000)

.eh_frame
 *(.eh_frame)

.gcc_except_table
 *(.gcc_except_table .gcc_except_table.*)

.exception_ranges
 *(.exception_ranges .exception_ranges*)

.tdata
 *(.tdata .tdata.* .gnu.linkonce.td.*)

.tbss
 *(.tbss .tbss.* .gnu.linkonce.tb.*)
 *(.tcommon)

.preinit_array  0x0000000000037000        0x0
                0x0000000000037000                PROVIDE (__preinit_array_start, .)
 *(.preinit_array)
                0x0000000000037000                PROVIDE (__preinit_array_end, .)

.init_array     0x0000000000037000        0x0
                0x0000000000037000                PROVIDE (__init_array_start, .)
 *(SORT(.init_array.*) SORT(.ctors.*))
 *(.init_array EXCLUDE_FILE(*crtend?.o *crtend.o *crtbegin?.o *crtbegin.o) .ctors)
                0x0000000000037000                PROVIDE (__init_array_end, .)

.fini_array     0x0000000000037000        0x0
                0x0000000000037000                PROVIDE (__fini_array_start, .)
 *(SORT(.fini_array.*) SORT(.dtors.*))
 *(.fini_array EXCLUDE_FILE(*crtend?.o *crtend.o *crtbegin?.o *crtbegin.o) .dtors)
                0x0000000000037000                PROVIDE (__fini_array_end, .)

.ctors
 *crtbegin.o(.ctors)
 *crtbegin?.o(.ctors)
 *(EXCLUDE_FILE(*crtend?.o *crtend.o) .ctors)
 *(SORT(.ctors.*))
 *(.ctors)

.dtors
 *crtbegin.o(.dtors)
 *crtbegin?.o(.dtors)
 *(EXCLUDE_FILE(*crtend?.o *crtend.o) .dtors)
 *(SORT(.dtors.*))
 *(.dtors)

.jcr
 *(.jcr)

.data.rel.ro
 *(.data.rel.ro.local* .gnu.linkonce.d.rel.ro.local.*)
 *(.data.rel.ro .data.rel.ro.* .gnu.linkonce.d.rel.ro.*)

.dynamic
 *(.dynamic)

.got
 *(.got)
 *(.igot)
                0x0000000000037000                . = DATA_SEGMENT_RELRO_END (., (SIZEOF (.got.plt) >= 0xc)?0xc:0x0)

.got.plt        0x0000000000037000        0x0
 *(.got.plt)
 *(.igot.plt)
 .igot.plt      0x0000000000000000        0x0 kernel/kernel.o

.data           0x0000000000037000      0x778
 *(.data .data.* .gnu.linkonce.d.*)
 .data          0x0000000000037000        0x2 kernel/kernel.o
 .data          0x0000000000037002        0x0 kernel/start.o
 .data          0x0000000000037002        0x0 kernel/main.o
 .data          0x0000000000037002        0x0 kernel/clock.o
 *fill*         0x0000000000037002       0x1e 
 .data          0x0000000000037020      0x600 kernel/keyboard.o
                0x0000000000037020                keymap
 .data          0x0000000000037620        0x0 kernel/tty.o
 .data          0x0000000000037620        0x0 kernel/console.o
 .data          0x0000000000037620        0x0 kernel/i8259.o
 .data          0x0000000000037620      0x158 kernel/global.o
                0x0000000000037620                current_proc
                0x0000000000037640                task_table
                0x00000000000376c0                user_proc_table
                0x0000000000037760                sys_call_table
                0x0000000000037774                CHAIR_NUM
 .data          0x0000000000037778        0x0 kernel/protect.o
 .data          0x0000000000037778        0x0 kernel/proc.o
 .data          0x0000000000037778        0x0 kernel/systask.o
 .data          0x0000000000037778        0x0 kernel/printf.o
 .data          0x0000000000037778        0x0 kernel/vsprintf.o
 .data          0x0000000000037778        0x0 lib/klib.o
 .data          0x0000000000037778        0x0 lib/misc.o

.data1
 *(.data1)
                0x0000000000037778                _edata = .
                0x0000000000037778                PROVIDE (edata, .)
                0x0000000000037778                . = .
                0x0000000000037778                __bss_start = .

.bss            0x0000000000037780    0x3a730
 *(.dynbss)
 *(.bss .bss.* .gnu.linkonce.b.*)
 .bss           0x0000000000037780      0x800 kernel/kernel.o
 .bss           0x0000000000037f80        0x0 kernel/start.o
 .bss           0x0000000000037f80        0x0 kernel/main.o
 .bss           0x0000000000037f80        0x0 kernel/clock.o
 .bss           0x0000000000037f80       0x58 kernel/keyboard.o
 .bss           0x0000000000037fd8        0x0 kernel/tty.o
 .bss           0x0000000000037fd8        0x0 kernel/console.o
 .bss           0x0000000000037fd8        0x0 kernel/i8259.o
 .bss           0x0000000000037fd8        0x4 kernel/global.o
                0x0000000000037fd8                waiting
 .bss           0x0000000000037fdc        0x0 kernel/protect.o
 .bss           0x0000000000037fdc        0x4 kernel/proc.o
                0x0000000000037fdc                k
 .bss           0x0000000000037fe0        0x0 kernel/systask.o
 .bss           0x0000000000037fe0        0x0 kernel/printf.o
 .bss           0x0000000000037fe0        0x0 kernel/vsprintf.o
 .bss           0x0000000000037fe0        0x0 lib/klib.o
 .bss           0x0000000000037fe0        0x0 lib/misc.o
 *(COMMON)
 COMMON         0x0000000000037fe0    0x39ed0 kernel/global.o
                0x0000000000037fe0                idt_ptr
                0x0000000000037fe8                currentSleep
                0x0000000000038000                task_stack
                0x0000000000070000                k_reenter
                0x0000000000070020                gdt
                0x0000000000070420                tty_table
                0x0000000000071060                tss
                0x00000000000710e0                customers
                0x0000000000071110                nr_current_console
                0x0000000000071120                mutex
                0x0000000000071150                disp_pos
                0x0000000000071154                gdt_ptr
                0x0000000000071160                idt
                0x0000000000071960                ticks
                0x0000000000071980                console_table
                0x00000000000719c0                irq_table
                0x0000000000071a00                p_proc_ready
                0x0000000000071a20                proc_table
                0x0000000000071e80                barbers
                0x0000000000071eb0                . = ALIGN ((. != 0x0)?0x4:0x1)
                0x0000000000071eb0                . = ALIGN (0x4)
                0x0000000000071eb0                . = SEGMENT_START ("ldata-segment", .)
                0x0000000000071eb0                . = ALIGN (0x4)
                0x0000000000071eb0                _end = .
                0x0000000000071eb0                PROVIDE (end, .)
                0x0000000000071eb0                . = DATA_SEGMENT_END (.)

.stab
 *(.stab)

.stabstr
 *(.stabstr)

.stab.excl
 *(.stab.excl)

.stab.exclstr
 *(.stab.exclstr)

.stab.index
 *(.stab.index)

.stab.indexstr
 *(.stab.indexstr)

.comment        0x0000000000000000       0x24
 *(.comment)
 .comment       0x0000000000000000       0x24 kernel/start.o
                                         0x25 (size before relaxing)
 .comment       0x0000000000000000       0x25 kernel/main.o
 .comment       0x0000000000000000       0x25 kernel/clock.o
 .comment       0x0000000000000000       0x25 kernel/keyboard.o
 .comment       0x0000000000000000       0x25 kernel/tty.o
 .comment       0x0000000000000000       0x25 kernel/console.o
 .comment       0x0000000000000000       0x25 kernel/i8259.o
 .comment       0x0000000000000000       0x25 kernel/global.o
 .comment       0x0000000000000000       0x25 kernel/protect.o
 .comment       0x0000000000000000       0x25 kernel/proc.o
 .comment       0x0000000000000000       0x25 kernel/systask.o
 .comment       0x0000000000000000       0x25 kernel/printf.o
 .comment       0x0000000000000000       0x25 kernel/vsprintf.o
 .comment       0x0000000000000000       0x25 lib/klib.o
 .comment       0x0000000000000000       0x25 lib/misc.o

.debug
 *(.debug)

.line
 *(.line)

.debug_srcinfo
 *(.debug_srcinfo)

.debug_sfnames
 *(.debug_sfnames)

.debug_aranges
 *(.debug_aranges)

.debug_pubnames
 *(.debug_pubnames)

.debug_info
 *(.debug_info .gnu.linkonce.wi.*)

.debug_abbrev
 *(.debug_abbrev)

.debug_line
 *(.debug_line .debug_line.* .debug_line_end)

.debug_frame
 *(.debug_frame)

.debug_str
 *(.debug_str)

.debug_loc
 *(.debug_loc)

.debug_macinfo
 *(.debug_macinfo)

.debug_weaknames
 *(.debug_weaknames)

.debug_funcnames
 *(.debug_funcnames)

.debug_typenames
 *(.debug_typenames)

.debug_varnames
 *(.debug_varnames)

.debug_pubtypes
 *(.debug_pubtypes)

.debug_ranges
 *(.debug_ranges)

.debug_macro
 *(.debug_macro)

.gnu.attributes
 *(.gnu.attributes)

/DISCARD/
 *(.note.GNU-stack)
 *(.gnu_debuglink)
 *(.gnu.lto_*)
OUTPUT(kernel.bin elf32-i386)
